refreshing CFBD games/lines 2026
  cfbd games 2026: 3676 rows
  cfbd lines 2026: 933 rows
wrote /Users/avewright/Projects/footpalm/data/processed/predictions-2026.json (888)
wrote /Users/avewright/Projects/footpalm/web/public/data/predictions-2026.json (888)
wrote /Users/avewright/Projects/footpalm/data/processed/live.json (0)
wrote /Users/avewright/Projects/footpalm/web/public/data/live.json (0)
stamped 0 · last 2026-08-29 SU 6-2 ATS 6-2 Brier 0.1637
refreshing CFBD games/lines 2026
  cfbd games 2026: 3676 rows
  cfbd lines 2026: 933 rows
wrote /Users/avewright/Projects/footpalm/data/processed/predictions-2026.json (888)
wrote /Users/avewright/Projects/footpalm/web/public/data/predictions-2026.json (888)
wrote /Users/avewright/Projects/footpalm/data/processed/live.json (0)
wrote /Users/avewright/Projects/footpalm/web/public/data/live.json (0)
stamped 0 · last 2026-08-29 SU 6-2 ATS 6-2 Brier 0.1637
   Building footpalm @ file:///Users/avewright/Projects/footpalm
      Built footpalm @ file:///Users/avewright/Projects/footpalm
Uninstalled 1 package in 1ms
Installed 1 package in 3ms
refreshing CFBD games/lines 2026
  cfbd games 2026: 3676 rows
  cfbd lines 2026: 933 rows
wrote /Users/avewright/Projects/footpalm/data/processed/predictions-2026.json (888)
wrote /Users/avewright/Projects/footpalm/web/public/data/predictions-2026.json (888)
wrote /Users/avewright/Projects/footpalm/data/processed/live.json (0)
wrote /Users/avewright/Projects/footpalm/web/public/data/live.json (0)
stamped 0 · last 2026-08-29 SU 6-2 ATS 6-2 Brier 0.1637
cfbd skip (age=0.0h calls=2/1000)
wrote /Users/avewright/Projects/footpalm/data/processed/predictions-2026.json (888)
wrote /Users/avewright/Projects/footpalm/web/public/data/predictions-2026.json (888)
wrote /Users/avewright/Projects/footpalm/data/processed/live.json (0)
wrote /Users/avewright/Projects/footpalm/web/public/data/live.json (0)
stamped 0 · last 2026-08-29 SU 6-2 ATS 6-2 Brier 0.1637
CFBD network error /games: <urlopen error [Errno 8] nodename nor servname provided, or not known>
cfbd refresh age=14.6h calls=2/1000
refreshing CFBD games/lines 2026
cfbd skip (age=1.6h calls=3/1000)
wrote /Users/avewright/Projects/footpalm/data/processed/predictions-2026.json (888)
wrote /Users/avewright/Projects/footpalm/web/public/data/predictions-2026.json (888)
wrote /Users/avewright/Projects/footpalm/data/processed/live.json (0)
wrote /Users/avewright/Projects/footpalm/web/public/data/live.json (0)
stamped 0 · last 2026-08-29 SU 6-2 ATS 6-2 Brier 0.1637
